
> shared-todo-list@0.1.0 build
> next build

[baseline-browser-mapping] The data in this module is over two months old.  To ensure accurate Baseline data, please update: `npm i baseline-browser-mapping@latest -D`
 ⚠ turbopack.root should be absolute, using: /Users/adrianstier/shared-todo-list
   ▲ Next.js 16.0.10 (Turbopack)
   - Environments: .env.local
   - Experiments (use with caution):
     · optimizePackageImports

 ⚠ The "middleware" file convention is deprecated. Please use "proxy" instead. Learn more: https://nextjs.org/docs/messages/middleware-to-proxy
   Creating an optimized production build ...
[baseline-browser-mapping] The data in this module is over two months old.  To ensure accurate Baseline data, please update: `npm i baseline-browser-mapping@latest -D`
 ✓ Compiled successfully in 6.9s
   Running TypeScript ...
Failed to compile.

./src/components/permissions/MemberPermissionsPanel.tsx:51:3
Type error: Cannot find name 'useEffect'.

[0m [90m 49 |[39m
 [90m 50 |[39m   [90m// Update current preset when permissions change[39m
[31m[1m>[22m[39m[90m 51 |[39m   useEffect(() [33m=>[39m {
 [90m    |[39m   [31m[1m^[22m[39m
 [90m 52 |[39m     setCurrentPreset(detectPermissionPreset(localPermissions))[33m;[39m
 [90m 53 |[39m   }[33m,[39m [localPermissions])[33m;[39m
 [90m 54 |[39m[0m
Next.js build worker exited with code: 1 and signal: null
